[2025-02-06 23:00:45] Info  [src/PluginsManager.cpp:32] 2/2 plugins loaded and sorted by priority.
[2025-02-06 23:00:45] Info  [src/Plugin2.cpp:37] Initializing 'Plugin2'
[2025-02-06 23:00:45] Info  [src/Plugin1.cpp:37] Initializing 'Plugin1'
[2025-02-06 23:00:45] Info  [src/PluginsManager.cpp:93] 2/2 plugins initialized.
[2025-02-06 23:00:45] Info  [src/Main.cpp:38] Plugin Name: 'Plugin2', Author: ClemtoClem, Version: 1.0.0, Main Version: 1.0.0, Priority: 0, Type: Module
[2025-02-06 23:00:45] Info  [src/Main.cpp:39] Description: This is a plugin for testing purpose
[2025-02-06 23:00:45] Info  [src/Main.cpp:40] Variables: 
[2025-02-06 23:00:45] Info  [src/Main.cpp:41] Commands: 
[2025-02-06 23:00:45] Info  [src/Main.cpp:38] Plugin Name: 'Plugin1', Author: ClemtoClem, Version: 1.0.0, Main Version: 1.0.0, Priority: 0, Type: System
[2025-02-06 23:00:45] Info  [src/Main.cpp:39] Description: This is a plugin for testing purpose
[2025-02-06 23:00:45] Info  [src/Main.cpp:40] Variables: message, level
[2025-02-06 23:00:45] Info  [src/Main.cpp:41] Commands: say
[2025-02-06 23:00:45] Info  [src/Main.cpp:44] ....
[2025-02-06 23:00:45] Info  [src/Plugin2.cpp:43] Shutting down 'Plugin2'
[2025-02-06 23:00:45] Info  [src/Plugin1.cpp:67] Shutting down 'Plugin1'
[2025-02-06 23:00:45] Info  [src/PluginsManager.cpp:108] 2/2 plugins shut down.
[2025-02-06 23:00:45] Info  [src/Plugin2.cpp:33] Unloading 'Plugin2'
[2025-02-06 23:00:45] Info  [src/Plugin1.cpp:33] Unloading 'Plugin1'
[2025-02-06 23:00:45] Info  [src/PluginsManager.cpp:133] 2/2 plugins unloaded.
[2025-02-06 23:11:29] Info  [src/PluginsManager.cpp:32] 2/2 plugins loaded and sorted by priority.
[2025-02-06 23:11:29] Info  [src/Plugin2.cpp:37] Initializing 'Plugin2'
[2025-02-06 23:11:29] Info  [src/Plugin1.cpp:37] Initializing 'Plugin1'
[2025-02-06 23:11:29] Info  [src/PluginsManager.cpp:93] 2/2 plugins initialized.
[2025-02-06 23:11:29] Info  [src/Main.cpp:38] Plugin Name: 'Plugin2', Author: ClemtoClem, Version: 1.0.0, Main Version: 1.0.0, Priority: 0, Type: Module
[2025-02-06 23:11:29] Info  [src/Main.cpp:39] Description: This is a plugin for testing purpose
[2025-02-06 23:11:29] Info  [src/Main.cpp:40] Variables: 
[2025-02-06 23:11:29] Info  [src/Main.cpp:41] Commands: 
[2025-02-06 23:11:29] Info  [src/Main.cpp:38] Plugin Name: 'Plugin1', Author: ClemtoClem, Version: 1.0.0, Main Version: 1.0.0, Priority: 0, Type: System
[2025-02-06 23:11:29] Info  [src/Main.cpp:39] Description: This is a plugin for testing purpose
[2025-02-06 23:11:29] Info  [src/Main.cpp:40] Variables: message, level
[2025-02-06 23:11:29] Info  [src/Main.cpp:41] Commands: say
[2025-02-06 23:11:29] Info  [src/Main.cpp:44] ....
[2025-02-06 23:11:29] Info  [src/Plugin1.cpp:50] Hello from Plugin1!
[2025-02-06 23:11:29] Info  [src/Plugin2.cpp:43] Shutting down 'Plugin2'
[2025-02-06 23:11:29] Info  [src/Plugin1.cpp:67] Shutting down 'Plugin1'
[2025-02-06 23:11:29] Info  [src/PluginsManager.cpp:108] 2/2 plugins shut down.
[2025-02-06 23:11:29] Info  [src/Plugin2.cpp:33] Unloading 'Plugin2'
[2025-02-06 23:11:29] Info  [src/Plugin1.cpp:33] Unloading 'Plugin1'
[2025-02-06 23:11:29] Info  [src/PluginsManager.cpp:133] 2/2 plugins unloaded.
